\BOOKMARK [1][-]{section.1}{\376\377\127\372\147\054\123\237\164\006}{}% 1
\BOOKMARK [2][-]{subsection.1.1}{\376\377\147\072\126\150\133\146\116\140\146\057\116\300\116\110}{section.1}% 2
\BOOKMARK [2][-]{subsection.1.2}{\376\377\155\361\136\246\133\146\116\140\146\057\116\300\116\110}{section.1}% 3
\BOOKMARK [2][-]{subsection.1.3}{\376\377\137\072\123\026\133\146\116\140\146\057\116\300\116\110}{section.1}% 4
\BOOKMARK [2][-]{subsection.1.4}{\376\377\213\255\176\303\166\204\217\307\172\013}{section.1}% 5
\BOOKMARK [2][-]{subsection.1.5}{\376\377\122\115\124\021\117\040\144\255}{section.1}% 6
\BOOKMARK [2][-]{subsection.1.6}{\376\377\123\315\124\021\117\040\144\255}{section.1}% 7
\BOOKMARK [2][-]{subsection.1.7}{\376\377\145\066\145\133}{section.1}% 8
\BOOKMARK [2][-]{subsection.1.8}{\376\377\217\307\142\337\124\010\116\016\153\040\142\337\124\010}{section.1}% 9
\BOOKMARK [2][-]{subsection.1.9}{\376\377\143\137\131\061\121\375\145\160}{section.1}% 10
\BOOKMARK [2][-]{subsection.1.10}{\376\377\150\257\136\246\116\013\226\115}{section.1}% 11
\BOOKMARK [1][-]{section.2}{\376\377\127\372\147\054\152\041\127\213}{}% 12
\BOOKMARK [2][-]{subsection.2.1}{\376\377\176\317\121\170\166\321\167\143\133\146\116\140\377\010\000S\000u\000p\000e\000r\000v\000i\000s\000e\000d\000\040\000L\000e\000a\000r\000n\000i\000n\000g\377\011}{section.2}% 13
\BOOKMARK [3][-]{subsubsection.2.1.1}{\376\377\0001\000.\000\040\176\277\140\047\126\336\137\122\377\010\000L\000i\000n\000e\000a\000r\000\040\000R\000e\000g\000r\000e\000s\000s\000i\000o\000n\377\011}{subsection.2.1}% 14
\BOOKMARK [3][-]{subsubsection.2.1.2}{\376\377\0002\000.\000\040\220\073\217\221\126\336\137\122\377\010\000L\000o\000g\000i\000s\000t\000i\000c\000\040\000R\000e\000g\000r\000e\000s\000s\000i\000o\000n\377\011}{subsection.2.1}% 15
\BOOKMARK [3][-]{subsubsection.2.1.3}{\376\377\0003\000.\000\040\121\263\173\126\150\021\377\010\000D\000e\000c\000i\000s\000i\000o\000n\000\040\000T\000r\000e\000e\377\011}{subsection.2.1}% 16
\BOOKMARK [3][-]{subsubsection.2.1.4}{\376\377\0004\000.\000\040\147\064\175\040\215\035\123\366\145\257\377\010\000N\000a\000i\000v\000e\000\040\000B\000a\000y\000e\000s\377\011}{subsection.2.1}% 17
\BOOKMARK [2][-]{subsection.2.2}{\376\377\217\333\226\066\166\321\167\143\133\146\116\140}{section.2}% 18
\BOOKMARK [3][-]{subsubsection.2.2.1}{\376\377\0005\000.\000\040\145\057\143\001\124\021\221\317\147\072\377\010\000S\000V\000M\377\011}{subsection.2.2}% 19
\BOOKMARK [3][-]{subsubsection.2.2.2}{\376\377\0006\000.\000\040\226\217\147\072\150\356\147\227\377\010\000R\000a\000n\000d\000o\000m\000\040\000F\000o\000r\000e\000s\000t\377\011}{subsection.2.2}% 20
\BOOKMARK [3][-]{subsubsection.2.2.3}{\376\377\0007\000.\000\040\150\257\136\246\143\320\123\107\377\010\000G\000r\000a\000d\000i\000e\000n\000t\000\040\000B\000o\000o\000s\000t\000i\000n\000g\377\011}{subsection.2.2}% 21
\BOOKMARK [2][-]{subsection.2.3}{\376\377\145\340\166\321\167\143\133\146\116\140\377\010\000U\000n\000s\000u\000p\000e\000r\000v\000i\000s\000e\000d\000\040\000L\000e\000a\000r\000n\000i\000n\000g\377\011}{section.2}% 22
\BOOKMARK [3][-]{subsubsection.2.3.1}{\376\377\0008\000.\000\040\000K\000-\000M\000e\000a\000n\000s\200\132\174\173}{subsection.2.3}% 23
\BOOKMARK [3][-]{subsubsection.2.3.2}{\376\377\0009\000.\000\040\134\102\153\041\200\132\174\173\377\010\000H\000i\000e\000r\000a\000r\000c\000h\000i\000c\000a\000l\000\040\000C\000l\000u\000s\000t\000e\000r\000i\000n\000g\377\011}{subsection.2.3}% 24
\BOOKMARK [3][-]{subsubsection.2.3.3}{\376\377\0001\0000\000.\000\040\116\073\142\020\122\006\122\006\147\220\377\010\000P\000C\000A\377\011}{subsection.2.3}% 25
\BOOKMARK [3][-]{subsubsection.2.3.4}{\376\377\0001\0001\000.\000\040\000t\000-\000S\000N\000E}{subsection.2.3}% 26
\BOOKMARK [2][-]{subsection.2.4}{\376\377\171\136\176\317\177\121\176\334\377\010\000N\000e\000u\000r\000a\000l\000\040\000N\000e\000t\000w\000o\000r\000k\377\011}{section.2}% 27
\BOOKMARK [3][-]{subsubsection.2.4.1}{\376\377\0001\0002\000.\000\040\131\032\134\102\141\037\167\345\147\072\377\010\000M\000L\000P\377\011}{subsection.2.4}% 28
\BOOKMARK [3][-]{subsubsection.2.4.2}{\376\377\0001\0003\000.\000\040\123\167\171\357\171\136\176\317\177\121\176\334\377\010\000C\000N\000N\377\011}{subsection.2.4}% 29
\BOOKMARK [3][-]{subsubsection.2.4.3}{\376\377\0001\0004\000.\000\040\137\252\163\257\171\136\176\317\177\121\176\334\377\010\000R\000N\000N\377\011}{subsection.2.4}% 30
\BOOKMARK [2][-]{subsection.2.5}{\376\377\000T\000r\000a\000n\000s\000f\000o\000r\000m\000e\000r}{section.2}% 31
\BOOKMARK [3][-]{subsubsection.2.5.1}{\376\377\0001\0005\000.\000\040\201\352\154\350\141\017\122\233\147\072\122\066\377\010\000S\000e\000l\000f\000-\000A\000t\000t\000e\000n\000t\000i\000o\000n\377\011}{subsection.2.5}% 32
\BOOKMARK [3][-]{subsubsection.2.5.2}{\376\377\0001\0006\000.\000\040\131\032\131\064\154\350\141\017\122\233\377\010\000M\000u\000l\000t\000i\000-\000H\000e\000a\000d\000\040\000A\000t\000t\000e\000n\000t\000i\000o\000n\377\011}{subsection.2.5}% 33
\BOOKMARK [3][-]{subsubsection.2.5.3}{\376\377\0001\0007\000.\000\040\000B\000E\000R\000T\000\040\116\016\000\040\000G\000P\000T}{subsection.2.5}% 34
\BOOKMARK [3][-]{subsubsection.2.5.4}{\376\377\0001\0008\000.\000\040\000V\000i\000T\377\010\000V\000i\000s\000i\000o\000n\000\040\000T\000r\000a\000n\000s\000f\000o\000r\000m\000e\000r\377\011}{subsection.2.5}% 35
\BOOKMARK [2][-]{subsection.2.6}{\376\377\165\037\142\020\152\041\127\213\377\010\000G\000e\000n\000e\000r\000a\000t\000i\000v\000e\000\040\000M\000o\000d\000e\000l\000s\377\011}{section.2}% 36
\BOOKMARK [3][-]{subsubsection.2.6.1}{\376\377\0001\0009\000.\000\040\165\037\142\020\133\371\142\227\177\121\176\334\377\010\000G\000A\000N\377\011}{subsection.2.6}% 37
\BOOKMARK [3][-]{subsubsection.2.6.2}{\376\377\0002\0000\000.\000\040\123\330\122\006\201\352\177\026\170\001\126\150\377\010\000V\000A\000E\377\011}{subsection.2.6}% 38
\BOOKMARK [3][-]{subsubsection.2.6.3}{\376\377\0002\0001\000.\000\040\142\151\145\143\152\041\127\213\377\010\000D\000i\000f\000f\000u\000s\000i\000o\000n\000\040\000M\000o\000d\000e\000l\377\011}{subsection.2.6}% 39
\BOOKMARK [2][-]{subsection.2.7}{\376\377\137\072\123\026\133\146\116\140\377\010\000R\000e\000i\000n\000f\000o\000r\000c\000e\000m\000e\000n\000t\000\040\000L\000e\000a\000r\000n\000i\000n\000g\377\011}{section.2}% 40
\BOOKMARK [3][-]{subsubsection.2.7.1}{\376\377\0002\0002\000.\000\040\000Q\000-\000L\000e\000a\000r\000n\000i\000n\000g}{subsection.2.7}% 41
\BOOKMARK [3][-]{subsubsection.2.7.2}{\376\377\0002\0003\000.\000\040\155\361\136\246\137\072\123\026\133\146\116\140\377\010\000D\000R\000L\377\011}{subsection.2.7}% 42
\BOOKMARK [3][-]{subsubsection.2.7.3}{\376\377\0002\0004\000.\000\040\000A\000u\000t\000o\000G\000P\000T\000\040\000/\000\040\201\352\116\073\000A\000g\000e\000n\000t}{subsection.2.7}% 43
\BOOKMARK [2][-]{subsection.2.8}{\376\377\117\030\123\026\116\016\213\304\117\060}{section.2}% 44
\BOOKMARK [3][-]{subsubsection.2.8.1}{\376\377\0002\0005\000.\000\040\116\244\123\311\232\214\213\301\377\010\000C\000r\000o\000s\000s\000\040\000V\000a\000l\000i\000d\000a\000t\000i\000o\000n\377\011}{subsection.2.8}% 45
\BOOKMARK [3][-]{subsubsection.2.8.2}{\376\377\0002\0006\000.\000\040\215\205\123\302\145\160\214\003\117\030\377\010\000H\000y\000p\000e\000r\000p\000a\000r\000a\000m\000e\000t\000e\000r\000\040\000T\000u\000n\000i\000n\000g\377\011}{subsection.2.8}% 46
\BOOKMARK [3][-]{subsubsection.2.8.3}{\376\377\0002\0007\000.\000\040\162\171\137\201\135\345\172\013\377\010\000F\000e\000a\000t\000u\000r\000e\000\040\000E\000n\000g\000i\000n\000e\000e\000r\000i\000n\000g\377\011}{subsection.2.8}% 47
